2026.09.13 13:15:01 WARN  Using H2 2.4.240 which is newer than the version Flyway has been verified with. The latest verified version of H2 is 2.3.232.
2026.09.13 13:15:01 INFO  no build target found for C:\Users\TUF-F16\OneDrive\Desktop\Faculdade\Entregavel1-JavaScript\Java\PrimoJava.java. Using fallback presentation compiler.
2026.09.13 13:15:02 INFO  no build target found for C:\Users\TUF-F16\OneDrive\Desktop\Faculdade\Entregavel1-JavaScript\Java\PrimoJava.java. Using fallback presentation compiler.
2026.09.13 13:15:02 WARN  no build tool detected in workspace 'C:\Users\TUF-F16\OneDrive\Desktop\Faculdade\Entregavel1-JavaScript'. The most common cause for this problem is that the editor was opened in the wrong working directory, for example if you use sbt then the workspace directory should contain build.sbt. 
2026.09.13 13:15:02 WARN  Build server is not auto-connectable.
2026.09.13 13:15:02 WARN  no build target for: C:\Users\TUF-F16\OneDrive\Desktop\Faculdade\Entregavel1-JavaScript\Java\PrimoJava.java
2026.09.13 13:15:02 INFO  no build target found for C:\Users\TUF-F16\OneDrive\Desktop\Faculdade\Entregavel1-JavaScript\Java\PrimoJava.java. Using fallback presentation compiler.
2026.09.13 13:15:06 INFO  no build target found for C:\Users\TUF-F16\OneDrive\Desktop\Faculdade\Entregavel1-JavaScript\Java\PrimoJava.java. Using fallback presentation compiler.
2026.09.13 13:15:06 INFO  no build target found for C:\Users\TUF-F16\OneDrive\Desktop\Faculdade\Entregavel1-JavaScript\Java\PrimoJava.java. Using fallback presentation compiler.
2026.09.13 13:15:06 INFO  no build target found for C:\Users\TUF-F16\OneDrive\Desktop\Faculdade\Entregavel1-JavaScript\Java\PrimoJava.java. Using fallback presentation compiler.
2026.09.13 13:15:06 INFO  no build target found for C:\Users\TUF-F16\OneDrive\Desktop\Faculdade\Entregavel1-JavaScript\Java\PrimoJava.java. Using fallback presentation compiler.
2026.09.13 13:15:07 INFO  no build target found for C:\Users\TUF-F16\OneDrive\Desktop\Faculdade\Entregavel1-JavaScript\Java\PrimoJava.java. Using fallback presentation compiler.
2026.09.13 13:15:07 INFO  no build target found for C:\Users\TUF-F16\OneDrive\Desktop\Faculdade\Entregavel1-JavaScript\Java\PrimoJava.java. Using fallback presentation compiler.
2026.09.13 13:15:07 INFO  no build target found for C:\Users\TUF-F16\OneDrive\Desktop\Faculdade\Entregavel1-JavaScript\Java\PrimoJava.java. Using fallback presentation compiler.
2026.09.13 13:15:08 INFO  no build target found for C:\Users\TUF-F16\OneDrive\Desktop\Faculdade\Entregavel1-JavaScript\Java\PrimoJava.java. Using fallback presentation compiler.
set. 13, 2026 1:15:12 PM org.eclipse.lsp4j.jsonrpc.services.GenericEndpoint notify
INFO: Unsupported notification method: $/setTrace
2026.09.13 13:15:12 INFO  no build target found for C:\Users\TUF-F16\OneDrive\Desktop\Faculdade\Entregavel1-JavaScript\Java\PrimoJava.java. Using fallback presentation compiler.
2026.09.13 13:15:30 INFO  no build target found for C:\Users\TUF-F16\OneDrive\Desktop\Faculdade\Entregavel1-JavaScript\Java\PrimoJava.java. Using fallback presentation compiler.
2026.09.13 13:15:30 WARN  no build target for: C:\Users\TUF-F16\OneDrive\Desktop\Faculdade\Entregavel1-JavaScript\Java\QuickSort.java
2026.09.13 13:15:30 INFO  no build target found for C:\Users\TUF-F16\OneDrive\Desktop\Faculdade\Entregavel1-JavaScript\Java\QuickSort.java. Using fallback presentation compiler.
2026.09.13 13:15:31 INFO  no build target found for C:\Users\TUF-F16\OneDrive\Desktop\Faculdade\Entregavel1-JavaScript\Java\QuickSort.java. Using fallback presentation compiler.
2026.09.13 13:15:30 INFO  no build target found for C:\Users\TUF-F16\OneDrive\Desktop\Faculdade\Entregavel1-JavaScript\Java\QuickSort.java. Using fallback presentation compiler.
2026.09.13 13:15:31 INFO  no build target found for C:\Users\TUF-F16\OneDrive\Desktop\Faculdade\Entregavel1-JavaScript\Java\QuickSort.java. Using fallback presentation compiler.
2026.09.13 13:15:30 INFO  no build target found for C:\Users\TUF-F16\OneDrive\Desktop\Faculdade\Entregavel1-JavaScript\Java\QuickSort.java. Using fallback presentation compiler.
2026.09.13 13:15:34 INFO  no build target found for C:\Users\TUF-F16\OneDrive\Desktop\Faculdade\Entregavel1-JavaScript\Java\QuickSort.java. Using fallback presentation compiler.
2026.09.13 13:15:34 INFO  no build target found for C:\Users\TUF-F16\OneDrive\Desktop\Faculdade\Entregavel1-JavaScript\Java\QuickSort.java. Using fallback presentation compiler.
2026.09.13 13:15:35 INFO  no build target found for C:\Users\TUF-F16\OneDrive\Desktop\Faculdade\Entregavel1-JavaScript\Java\QuickSort.java. Using fallback presentation compiler.
2026.09.13 13:15:35 INFO  no build target found for C:\Users\TUF-F16\OneDrive\Desktop\Faculdade\Entregavel1-JavaScript\Java\QuickSort.java. Using fallback presentation compiler.
2026.09.13 13:15:36 INFO  no build target found for C:\Users\TUF-F16\OneDrive\Desktop\Faculdade\Entregavel1-JavaScript\Java\QuickSort.java. Using fallback presentation compiler.
2026.09.13 13:15:39 INFO  no build target found for C:\Users\TUF-F16\OneDrive\Desktop\Faculdade\Entregavel1-JavaScript\Java\QuickSort.java. Using fallback presentation compiler.
2026.09.13 13:15:39 INFO  no build target found for C:\Users\TUF-F16\OneDrive\Desktop\Faculdade\Entregavel1-JavaScript\Java\QuickSort.java. Using fallback presentation compiler.
2026.09.13 13:15:39 INFO  no build target found for C:\Users\TUF-F16\OneDrive\Desktop\Faculdade\Entregavel1-JavaScript\Java\QuickSort.java. Using fallback presentation compiler.
2026.09.13 13:15:40 INFO  no build target found for C:\Users\TUF-F16\OneDrive\Desktop\Faculdade\Entregavel1-JavaScript\Java\QuickSort.java. Using fallback presentation compiler.
2026.09.13 13:15:40 INFO  no build target found for C:\Users\TUF-F16\OneDrive\Desktop\Faculdade\Entregavel1-JavaScript\Java\QuickSort.java. Using fallback presentation compiler.
2026.09.13 13:15:40 INFO  no build target found for C:\Users\TUF-F16\OneDrive\Desktop\Faculdade\Entregavel1-JavaScript\Java\QuickSort.java. Using fallback presentation compiler.
2026.09.13 13:15:40 INFO  no build target found for C:\Users\TUF-F16\OneDrive\Desktop\Faculdade\Entregavel1-JavaScript\Java\QuickSort.java. Using fallback presentation compiler.
2026.09.13 13:15:41 WARN  no build target for: C:\Users\TUF-F16\OneDrive\Desktop\Faculdade\Entregavel1-JavaScript\Java\QuickSort.java
2026.09.13 13:15:41 INFO  no build target found for C:\Users\TUF-F16\OneDrive\Desktop\Faculdade\Entregavel1-JavaScript\Java\QuickSort.java. Using fallback presentation compiler.
2026.09.13 13:15:42 INFO  no build target found for C:\Users\TUF-F16\OneDrive\Desktop\Faculdade\Entregavel1-JavaScript\Java\QuickSort.java. Using fallback presentation compiler.
2026.09.13 13:15:42 INFO  no build target found for C:\Users\TUF-F16\OneDrive\Desktop\Faculdade\Entregavel1-JavaScript\Java\QuickSort.java. Using fallback presentation compiler.
2026.09.13 13:15:42 INFO  no build target found for C:\Users\TUF-F16\OneDrive\Desktop\Faculdade\Entregavel1-JavaScript\Java\QuickSort.java. Using fallback presentation compiler.
2026.09.13 13:15:42 INFO  no build target found for C:\Users\TUF-F16\OneDrive\Desktop\Faculdade\Entregavel1-JavaScript\Java\QuickSort.java. Using fallback presentation compiler.
2026.09.13 13:15:42 INFO  no build target found for C:\Users\TUF-F16\OneDrive\Desktop\Faculdade\Entregavel1-JavaScript\Java\QuickSort.java. Using fallback presentation compiler.
2026.09.13 13:15:42 INFO  no build target found for C:\Users\TUF-F16\OneDrive\Desktop\Faculdade\Entregavel1-JavaScript\Java\QuickSort.java. Using fallback presentation compiler.
2026.09.13 13:15:43 INFO  no build target found for C:\Users\TUF-F16\OneDrive\Desktop\Faculdade\Entregavel1-JavaScript\Java\QuickSort.java. Using fallback presentation compiler.
2026.09.13 13:15:43 INFO  no build target found for C:\Users\TUF-F16\OneDrive\Desktop\Faculdade\Entregavel1-JavaScript\Java\QuickSort.java. Using fallback presentation compiler.
2026.09.13 13:15:43 INFO  no build target found for C:\Users\TUF-F16\OneDrive\Desktop\Faculdade\Entregavel1-JavaScript\Java\QuickSort.java. Using fallback presentation compiler.
2026.09.13 13:15:43 INFO  no build target found for C:\Users\TUF-F16\OneDrive\Desktop\Faculdade\Entregavel1-JavaScript\Java\QuickSort.java. Using fallback presentation compiler.
2026.09.13 13:15:43 INFO  no build target found for C:\Users\TUF-F16\OneDrive\Desktop\Faculdade\Entregavel1-JavaScript\Java\QuickSort.java. Using fallback presentation compiler.
2026.09.13 13:15:43 INFO  no build target found for C:\Users\TUF-F16\OneDrive\Desktop\Faculdade\Entregavel1-JavaScript\Java\QuickSort.java. Using fallback presentation compiler.
2026.09.13 13:15:43 INFO  no build target found for C:\Users\TUF-F16\OneDrive\Desktop\Faculdade\Entregavel1-JavaScript\Java\QuickSort.java. Using fallback presentation compiler.
2026.09.13 13:15:43 INFO  no build target found for C:\Users\TUF-F16\OneDrive\Desktop\Faculdade\Entregavel1-JavaScript\Java\QuickSort.java. Using fallback presentation compiler.
2026.09.13 13:15:43 INFO  no build target found for C:\Users\TUF-F16\OneDrive\Desktop\Faculdade\Entregavel1-JavaScript\Java\QuickSort.java. Using fallback presentation compiler.
2026.09.13 13:15:43 INFO  no build target found for C:\Users\TUF-F16\OneDrive\Desktop\Faculdade\Entregavel1-JavaScript\Java\QuickSort.java. Using fallback presentation compiler.
2026.09.13 13:15:43 INFO  no build target found for C:\Users\TUF-F16\OneDrive\Desktop\Faculdade\Entregavel1-JavaScript\Java\QuickSort.java. Using fallback presentation compiler.
2026.09.13 13:15:44 INFO  no build target found for C:\Users\TUF-F16\OneDrive\Desktop\Faculdade\Entregavel1-JavaScript\Java\QuickSort.java. Using fallback presentation compiler.
2026.09.13 13:15:44 INFO  no build target found for C:\Users\TUF-F16\OneDrive\Desktop\Faculdade\Entregavel1-JavaScript\Java\QuickSort.java. Using fallback presentation compiler.
2026.09.13 13:15:44 INFO  no build target found for C:\Users\TUF-F16\OneDrive\Desktop\Faculdade\Entregavel1-JavaScript\Java\QuickSort.java. Using fallback presentation compiler.
2026.09.13 13:15:44 INFO  no build target found for C:\Users\TUF-F16\OneDrive\Desktop\Faculdade\Entregavel1-JavaScript\Java\QuickSort.java. Using fallback presentation compiler.
2026.09.13 13:15:44 INFO  no build target found for C:\Users\TUF-F16\OneDrive\Desktop\Faculdade\Entregavel1-JavaScript\Java\QuickSort.java. Using fallback presentation compiler.
2026.09.13 13:15:44 INFO  no build target found for C:\Users\TUF-F16\OneDrive\Desktop\Faculdade\Entregavel1-JavaScript\Java\QuickSort.java. Using fallback presentation compiler.
2026.09.13 13:15:44 INFO  no build target found for C:\Users\TUF-F16\OneDrive\Desktop\Faculdade\Entregavel1-JavaScript\Java\QuickSort.java. Using fallback presentation compiler.
2026.09.13 13:15:44 INFO  no build target found for C:\Users\TUF-F16\OneDrive\Desktop\Faculdade\Entregavel1-JavaScript\Java\QuickSort.java. Using fallback presentation compiler.
2026.09.13 13:15:45 INFO  no build target found for C:\Users\TUF-F16\OneDrive\Desktop\Faculdade\Entregavel1-JavaScript\Java\QuickSort.java. Using fallback presentation compiler.
2026.09.13 13:15:45 INFO  no build target found for C:\Users\TUF-F16\OneDrive\Desktop\Faculdade\Entregavel1-JavaScript\Java\QuickSort.java. Using fallback presentation compiler.
2026.09.13 13:15:45 INFO  no build target found for C:\Users\TUF-F16\OneDrive\Desktop\Faculdade\Entregavel1-JavaScript\Java\QuickSort.java. Using fallback presentation compiler.
2026.09.13 13:15:45 INFO  no build target found for C:\Users\TUF-F16\OneDrive\Desktop\Faculdade\Entregavel1-JavaScript\Java\QuickSort.java. Using fallback presentation compiler.
2026.09.13 13:15:45 INFO  no build target found for C:\Users\TUF-F16\OneDrive\Desktop\Faculdade\Entregavel1-JavaScript\Java\QuickSort.java. Using fallback presentation compiler.
2026.09.13 13:15:45 INFO  no build target found for C:\Users\TUF-F16\OneDrive\Desktop\Faculdade\Entregavel1-JavaScript\Java\QuickSort.java. Using fallback presentation compiler.
2026.09.13 13:15:46 INFO  no build target found for C:\Users\TUF-F16\OneDrive\Desktop\Faculdade\Entregavel1-JavaScript\Java\QuickSort.java. Using fallback presentation compiler.
2026.09.13 13:15:45 INFO  no build target found for C:\Users\TUF-F16\OneDrive\Desktop\Faculdade\Entregavel1-JavaScript\Java\QuickSort.java. Using fallback presentation compiler.
2026.09.13 13:15:46 INFO  no build target found for C:\Users\TUF-F16\OneDrive\Desktop\Faculdade\Entregavel1-JavaScript\Java\QuickSort.java. Using fallback presentation compiler.
2026.09.13 13:15:46 INFO  no build target found for C:\Users\TUF-F16\OneDrive\Desktop\Faculdade\Entregavel1-JavaScript\Java\QuickSort.java. Using fallback presentation compiler.
2026.09.13 13:15:46 INFO  no build target found for C:\Users\TUF-F16\OneDrive\Desktop\Faculdade\Entregavel1-JavaScript\Java\QuickSort.java. Using fallback presentation compiler.
2026.09.13 13:15:47 INFO  no build target found for C:\Users\TUF-F16\OneDrive\Desktop\Faculdade\Entregavel1-JavaScript\Java\QuickSort.java. Using fallback presentation compiler.
2026.09.13 13:15:46 INFO  no build target found for C:\Users\TUF-F16\OneDrive\Desktop\Faculdade\Entregavel1-JavaScript\Java\QuickSort.java. Using fallback presentation compiler.
2026.09.13 13:15:47 INFO  no build target found for C:\Users\TUF-F16\OneDrive\Desktop\Faculdade\Entregavel1-JavaScript\Java\QuickSort.java. Using fallback presentation compiler.
2026.09.13 13:15:47 INFO  no build target found for C:\Users\TUF-F16\OneDrive\Desktop\Faculdade\Entregavel1-JavaScript\Java\QuickSort.java. Using fallback presentation compiler.
2026.09.13 13:15:47 INFO  no build target found for C:\Users\TUF-F16\OneDrive\Desktop\Faculdade\Entregavel1-JavaScript\Java\QuickSort.java. Using fallback presentation compiler.
2026.09.13 13:15:47 INFO  no build target found for C:\Users\TUF-F16\OneDrive\Desktop\Faculdade\Entregavel1-JavaScript\Java\QuickSort.java. Using fallback presentation compiler.
2026.09.13 13:15:48 INFO  no build target found for C:\Users\TUF-F16\OneDrive\Desktop\Faculdade\Entregavel1-JavaScript\Java\QuickSort.java. Using fallback presentation compiler.
2026.09.13 13:15:47 INFO  no build target found for C:\Users\TUF-F16\OneDrive\Desktop\Faculdade\Entregavel1-JavaScript\Java\QuickSort.java. Using fallback presentation compiler.
2026.09.13 13:15:47 INFO  no build target found for C:\Users\TUF-F16\OneDrive\Desktop\Faculdade\Entregavel1-JavaScript\Java\QuickSort.java. Using fallback presentation compiler.
2026.09.13 13:15:48 INFO  no build target found for C:\Users\TUF-F16\OneDrive\Desktop\Faculdade\Entregavel1-JavaScript\Java\QuickSort.java. Using fallback presentation compiler.
2026.09.13 13:15:48 INFO  no build target found for C:\Users\TUF-F16\OneDrive\Desktop\Faculdade\Entregavel1-JavaScript\Java\QuickSort.java. Using fallback presentation compiler.
2026.09.13 13:15:49 INFO  no build target found for C:\Users\TUF-F16\OneDrive\Desktop\Faculdade\Entregavel1-JavaScript\Java\QuickSort.java. Using fallback presentation compiler.
2026.09.13 13:15:48 INFO  no build target found for C:\Users\TUF-F16\OneDrive\Desktop\Faculdade\Entregavel1-JavaScript\Java\QuickSort.java. Using fallback presentation compiler.
2026.09.13 13:15:49 WARN  no build target for: C:\Users\TUF-F16\OneDrive\Desktop\Faculdade\Entregavel1-JavaScript\Java\QuickSort.java
2026.09.13 13:15:49 INFO  no build target found for C:\Users\TUF-F16\OneDrive\Desktop\Faculdade\Entregavel1-JavaScript\Java\QuickSort.java. Using fallback presentation compiler.
2026.09.13 13:15:50 INFO  no build target found for C:\Users\TUF-F16\OneDrive\Desktop\Faculdade\Entregavel1-JavaScript\Java\QuickSort.java. Using fallback presentation compiler.
2026.09.13 13:15:49 WARN  Running javac-semanticdb failed for file:///C:/Users/TUF-F16/OneDrive/Desktop/Faculdade/Entregavel1-JavaScript/Java/QuickSort.java. Output:

2026.09.13 13:15:50 INFO  no build target found for C:\Users\TUF-F16\OneDrive\Desktop\Faculdade\Entregavel1-JavaScript\Java\QuickSort.java. Using fallback presentation compiler.
2026.09.13 13:15:50 INFO  no build target found for C:\Users\TUF-F16\OneDrive\Desktop\Faculdade\Entregavel1-JavaScript\Java\QuickSort.java. Using fallback presentation compiler.
2026.09.13 13:15:50 INFO  no build target found for C:\Users\TUF-F16\OneDrive\Desktop\Faculdade\Entregavel1-JavaScript\Java\QuickSort.java. Using fallback presentation compiler.
2026.09.13 13:15:50 INFO  no build target found for C:\Users\TUF-F16\OneDrive\Desktop\Faculdade\Entregavel1-JavaScript\Java\QuickSort.java. Using fallback presentation compiler.
2026.09.13 13:15:50 INFO  no build target found for C:\Users\TUF-F16\OneDrive\Desktop\Faculdade\Entregavel1-JavaScript\Java\QuickSort.java. Using fallback presentation compiler.
2026.09.13 13:15:50 INFO  no build target found for C:\Users\TUF-F16\OneDrive\Desktop\Faculdade\Entregavel1-JavaScript\Java\QuickSort.java. Using fallback presentation compiler.
2026.09.13 13:15:50 INFO  no build target found for C:\Users\TUF-F16\OneDrive\Desktop\Faculdade\Entregavel1-JavaScript\Java\QuickSort.java. Using fallback presentation compiler.
2026.09.13 13:15:51 INFO  no build target found for C:\Users\TUF-F16\OneDrive\Desktop\Faculdade\Entregavel1-JavaScript\Java\QuickSort.java. Using fallback presentation compiler.
2026.09.13 13:15:51 INFO  no build target found for C:\Users\TUF-F16\OneDrive\Desktop\Faculdade\Entregavel1-JavaScript\Java\QuickSort.java. Using fallback presentation compiler.
2026.09.13 13:15:51 WARN  Running javac-semanticdb failed for file:///C:/Users/TUF-F16/OneDrive/Desktop/Faculdade/Entregavel1-JavaScript/Java/QuickSort.java. Output:

2026.09.13 13:15:51 INFO  no build target found for C:\Users\TUF-F16\OneDrive\Desktop\Faculdade\Entregavel1-JavaScript\Java\QuickSort.java. Using fallback presentation compiler.
2026.09.13 13:15:52 WARN  no build target for: C:\Users\TUF-F16\OneDrive\Desktop\Faculdade\Entregavel1-JavaScript\Java\QuickSort.java
2026.09.13 13:15:52 INFO  no build target found for C:\Users\TUF-F16\OneDrive\Desktop\Faculdade\Entregavel1-JavaScript\Java\QuickSort.java. Using fallback presentation compiler.
2026.09.13 13:15:51 INFO  no build target found for C:\Users\TUF-F16\OneDrive\Desktop\Faculdade\Entregavel1-JavaScript\Java\QuickSort.java. Using fallback presentation compiler.
2026.09.13 13:15:52 INFO  no build target found for C:\Users\TUF-F16\OneDrive\Desktop\Faculdade\Entregavel1-JavaScript\Java\QuickSort.java. Using fallback presentation compiler.
2026.09.13 13:15:52 WARN  Running javac-semanticdb failed for file:///C:/Users/TUF-F16/OneDrive/Desktop/Faculdade/Entregavel1-JavaScript/Java/QuickSort.java. Output:

2026.09.13 13:15:52 INFO  no build target found for C:\Users\TUF-F16\OneDrive\Desktop\Faculdade\Entregavel1-JavaScript\Java\QuickSort.java. Using fallback presentation compiler.
2026.09.13 13:15:52 INFO  no build target found for C:\Users\TUF-F16\OneDrive\Desktop\Faculdade\Entregavel1-JavaScript\Java\QuickSort.java. Using fallback presentation compiler.
2026.09.13 13:15:52 INFO  no build target found for C:\Users\TUF-F16\OneDrive\Desktop\Faculdade\Entregavel1-JavaScript\Java\QuickSort.java. Using fallback presentation compiler.
2026.09.13 13:15:53 WARN  Running javac-semanticdb failed for file:///C:/Users/TUF-F16/OneDrive/Desktop/Faculdade/Entregavel1-JavaScript/Java/QuickSort.java. Output:

2026.09.13 13:15:52 INFO  no build target found for C:\Users\TUF-F16\OneDrive\Desktop\Faculdade\Entregavel1-JavaScript\Java\QuickSort.java. Using fallback presentation compiler.
2026.09.13 13:15:54 WARN  no build target for: C:\Users\TUF-F16\OneDrive\Desktop\Faculdade\Entregavel1-JavaScript\Java\QuickSort.java
2026.09.13 13:15:54 INFO  no build target found for C:\Users\TUF-F16\OneDrive\Desktop\Faculdade\Entregavel1-JavaScript\Java\QuickSort.java. Using fallback presentation compiler.
2026.09.13 13:18:25 WARN  no build target for: C:\Users\TUF-F16\OneDrive\Desktop\Faculdade\Entregavel1-JavaScript\Java\PrimoJava.java
2026.09.13 13:18:25 INFO  no build target found for C:\Users\TUF-F16\OneDrive\Desktop\Faculdade\Entregavel1-JavaScript\Java\PrimoJava.java. Using fallback presentation compiler.
2026.09.13 13:18:26 INFO  no build target found for C:\Users\TUF-F16\OneDrive\Desktop\Faculdade\Entregavel1-JavaScript\Java\PrimoJava.java. Using fallback presentation compiler.
2026.09.13 13:18:25 INFO  no build target found for C:\Users\TUF-F16\OneDrive\Desktop\Faculdade\Entregavel1-JavaScript\Java\PrimoJava.java. Using fallback presentation compiler.
2026.09.13 13:18:26 INFO  no build target found for C:\Users\TUF-F16\OneDrive\Desktop\Faculdade\Entregavel1-JavaScript\Java\PrimoJava.java. Using fallback presentation compiler.
2026.09.13 13:18:27 INFO  no build target found for C:\Users\TUF-F16\OneDrive\Desktop\Faculdade\Entregavel1-JavaScript\Java\QuickSort.java. Using fallback presentation compiler.
2026.09.13 13:18:27 WARN  no build target for: C:\Users\TUF-F16\OneDrive\Desktop\Faculdade\Entregavel1-JavaScript\Java\QuickSort.java
2026.09.13 13:18:27 INFO  no build target found for C:\Users\TUF-F16\OneDrive\Desktop\Faculdade\Entregavel1-JavaScript\Java\QuickSort.java. Using fallback presentation compiler.
2026.09.13 15:18:41 INFO  no build target found for C:\Users\TUF-F16\OneDrive\Desktop\Faculdade\Entregavel1-JavaScript\Java\QuickSort.java. Using fallback presentation compiler.
2026.09.13 15:18:44 INFO  no build target found for C:\Users\TUF-F16\OneDrive\Desktop\Faculdade\Entregavel1-JavaScript\Java\QuickSort.java. Using fallback presentation compiler.
2026.09.13 15:18:51 INFO  no build target found for C:\Users\TUF-F16\OneDrive\Desktop\Faculdade\Entregavel1-JavaScript\Java\QuickSort.java. Using fallback presentation compiler.
2026.09.13 15:18:51 INFO  no build target found for C:\Users\TUF-F16\OneDrive\Desktop\Faculdade\Entregavel1-JavaScript\Java\QuickSort.java. Using fallback presentation compiler.
2026.09.13 15:18:51 INFO  no build target found for C:\Users\TUF-F16\OneDrive\Desktop\Faculdade\Entregavel1-JavaScript\Java\QuickSort.java. Using fallback presentation compiler.
2026.09.13 15:18:51 INFO  no build target found for C:\Users\TUF-F16\OneDrive\Desktop\Faculdade\Entregavel1-JavaScript\Java\QuickSort.java. Using fallback presentation compiler.
2026.09.13 15:18:52 INFO  no build target found for C:\Users\TUF-F16\OneDrive\Desktop\Faculdade\Entregavel1-JavaScript\Java\QuickSort.java. Using fallback presentation compiler.
2026.09.13 15:18:55 INFO  no build target found for C:\Users\TUF-F16\OneDrive\Desktop\Faculdade\Entregavel1-JavaScript\Java\QuickSort.java. Using fallback presentation compiler.
2026.09.13 15:18:55 INFO  no build target found for C:\Users\TUF-F16\OneDrive\Desktop\Faculdade\Entregavel1-JavaScript\Java\QuickSort.java. Using fallback presentation compiler.
2026.09.13 15:18:55 INFO  no build target found for C:\Users\TUF-F16\OneDrive\Desktop\Faculdade\Entregavel1-JavaScript\Java\QuickSort.java. Using fallback presentation compiler.
2026.09.13 15:18:56 WARN  no build target for: C:\Users\TUF-F16\OneDrive\Desktop\Faculdade\Entregavel1-JavaScript\Java\QuickSort.java
2026.09.13 15:18:56 INFO  no build target found for C:\Users\TUF-F16\OneDrive\Desktop\Faculdade\Entregavel1-JavaScript\Java\QuickSort.java. Using fallback presentation compiler.
2026.09.13 15:19:58 INFO  no build target found for C:\Users\TUF-F16\OneDrive\Desktop\Faculdade\Entregavel1-JavaScript\Java\QuickSort.java. Using fallback presentation compiler.
2026.09.13 15:19:58 INFO  no build target found for C:\Users\TUF-F16\OneDrive\Desktop\Faculdade\Entregavel1-JavaScript\Java\QuickSort.java. Using fallback presentation compiler.
2026.09.13 15:19:58 INFO  no build target found for C:\Users\TUF-F16\OneDrive\Desktop\Faculdade\Entregavel1-JavaScript\Java\QuickSort.java. Using fallback presentation compiler.
2026.09.13 15:19:58 INFO  no build target found for C:\Users\TUF-F16\OneDrive\Desktop\Faculdade\Entregavel1-JavaScript\Java\QuickSort.java. Using fallback presentation compiler.
2026.09.13 15:19:58 INFO  no build target found for C:\Users\TUF-F16\OneDrive\Desktop\Faculdade\Entregavel1-JavaScript\Java\QuickSort.java. Using fallback presentation compiler.
2026.09.13 15:19:59 INFO  no build target found for C:\Users\TUF-F16\OneDrive\Desktop\Faculdade\Entregavel1-JavaScript\Java\QuickSort.java. Using fallback presentation compiler.
2026.09.13 15:19:58 INFO  no build target found for C:\Users\TUF-F16\OneDrive\Desktop\Faculdade\Entregavel1-JavaScript\Java\QuickSort.java. Using fallback presentation compiler.
2026.09.13 15:19:59 WARN  no build target for: C:\Users\TUF-F16\OneDrive\Desktop\Faculdade\Entregavel1-JavaScript\Java\QuickSort.java
2026.09.13 15:19:59 INFO  no build target found for C:\Users\TUF-F16\OneDrive\Desktop\Faculdade\Entregavel1-JavaScript\Java\QuickSort.java. Using fallback presentation compiler.
2026.09.13 15:20:00 INFO  no build target found for C:\Users\TUF-F16\OneDrive\Desktop\Faculdade\Entregavel1-JavaScript\Java\QuickSort.java. Using fallback presentation compiler.
2026.09.13 15:20:00 INFO  no build target found for C:\Users\TUF-F16\OneDrive\Desktop\Faculdade\Entregavel1-JavaScript\Java\QuickSort.java. Using fallback presentation compiler.
2026.09.13 15:20:00 INFO  no build target found for C:\Users\TUF-F16\OneDrive\Desktop\Faculdade\Entregavel1-JavaScript\Java\QuickSort.java. Using fallback presentation compiler.
2026.09.13 15:20:00 INFO  no build target found for C:\Users\TUF-F16\OneDrive\Desktop\Faculdade\Entregavel1-JavaScript\Java\QuickSort.java. Using fallback presentation compiler.
2026.09.13 15:20:00 INFO  no build target found for C:\Users\TUF-F16\OneDrive\Desktop\Faculdade\Entregavel1-JavaScript\Java\QuickSort.java. Using fallback presentation compiler.
2026.09.13 15:20:00 INFO  no build target found for C:\Users\TUF-F16\OneDrive\Desktop\Faculdade\Entregavel1-JavaScript\Java\QuickSort.java. Using fallback presentation compiler.
2026.09.13 15:20:01 WARN  no build target for: C:\Users\TUF-F16\OneDrive\Desktop\Faculdade\Entregavel1-JavaScript\Java\QuickSort.java
2026.09.13 15:20:01 INFO  no build target found for C:\Users\TUF-F16\OneDrive\Desktop\Faculdade\Entregavel1-JavaScript\Java\QuickSort.java. Using fallback presentation compiler.
2026.09.13 15:50:05 INFO  no build target found for C:\Users\TUF-F16\OneDrive\Desktop\Faculdade\Entregavel1-JavaScript\Java\QuickSort.java. Using fallback presentation compiler.
2026.09.13 16:35:40 INFO  no build target found for C:\Users\TUF-F16\OneDrive\Desktop\Faculdade\Entregavel1-JavaScript\Java\QuickSort.java. Using fallback presentation compiler.
2026.09.13 16:35:40 INFO  no build target found for C:\Users\TUF-F16\OneDrive\Desktop\Faculdade\Entregavel1-JavaScript\Java\QuickSort.java. Using fallback presentation compiler.
2026.09.13 16:35:40 INFO  Created report: Optional[file:///C:/Users/TUF-F16/OneDrive/Desktop/Faculdade/Entregavel1-JavaScript/Java/QuickSort.java]
2026.09.13 16:35:40 INFO  empty definition using pc, found symbol in pc:  (full report at: "C:\Users\TUF-F16\OneDrive\Desktop\Faculdade\Entregavel1-JavaScript\.metals\.reports\metals-full\2026-09-13\r_empty-definition_16-35-40-470.md")
2026.09.13 16:35:41 INFO  no build target found for C:\Users\TUF-F16\OneDrive\Desktop\Faculdade\Entregavel1-JavaScript\Java\QuickSort.java. Using fallback presentation compiler.
2026.09.13 16:35:41 INFO  no build target found for C:\Users\TUF-F16\OneDrive\Desktop\Faculdade\Entregavel1-JavaScript\Java\PrimoJava.java. Using fallback presentation compiler.
2026.09.13 16:35:41 WARN  no build target for: C:\Users\TUF-F16\OneDrive\Desktop\Faculdade\Entregavel1-JavaScript\Java\PrimoJava.java
2026.09.13 16:35:41 INFO  no build target found for C:\Users\TUF-F16\OneDrive\Desktop\Faculdade\Entregavel1-JavaScript\Java\PrimoJava.java. Using fallback presentation compiler.
2026.09.13 16:35:41 INFO  no build target found for C:\Users\TUF-F16\OneDrive\Desktop\Faculdade\Entregavel1-JavaScript\Java\PrimoJava.java. Using fallback presentation compiler.
set. 13, 2026 4:35:41 PM org.eclipse.lsp4j.jsonrpc.RemoteEndpoint handleCancellation
WARNING: Unmatched cancel notification for request id 295
set. 13, 2026 4:35:41 PM org.eclipse.lsp4j.jsonrpc.RemoteEndpoint handleCancellation
WARNING: Unmatched cancel notification for request id 294
2026.09.13 16:35:41 INFO  no build target found for C:\Users\TUF-F16\OneDrive\Desktop\Faculdade\Entregavel1-JavaScript\Java\PrimoJava.java. Using fallback presentation compiler.
2026.09.13 16:35:45 INFO  Shutting down server
2026.09.13 16:35:45 INFO  Memory monitor stopped
2026.09.13 16:35:45 INFO  shutting down Metals
2026.09.13 16:35:45 INFO  Exiting server
2026.09.14 11:23:43 INFO  Started: Metals version 1.6.8 in folders 'C:\Users\TUF-F16\OneDrive\Desktop\Faculdade\Entregavel1-JavaScript' for client Visual Studio Code 1.137.0.
2026.09.14 11:23:43 INFO  Memory monitor started
2026.09.14 11:23:43 WARN  Using H2 2.4.240 which is newer than the version Flyway has been verified with. The latest verified version of H2 is 2.3.232.
2026.09.14 11:23:44 INFO  no build target found for C:\Users\TUF-F16\OneDrive\Desktop\Faculdade\Entregavel1-JavaScript\Java\ContagemJava.java. Using fallback presentation compiler.
2026.09.14 11:23:45 INFO  no build target found for C:\Users\TUF-F16\OneDrive\Desktop\Faculdade\Entregavel1-JavaScript\Java\ContagemJava.java. Using fallback presentation compiler.
2026.09.14 11:23:45 WARN  no build tool detected in workspace 'C:\Users\TUF-F16\OneDrive\Desktop\Faculdade\Entregavel1-JavaScript'. The most common cause for this problem is that the editor was opened in the wrong working directory, for example if you use sbt then the workspace directory should contain build.sbt. 
2026.09.14 11:23:45 WARN  Build server is not auto-connectable.
2026.09.14 11:23:45 WARN  no build target for: C:\Users\TUF-F16\OneDrive\Desktop\Faculdade\Entregavel1-JavaScript\Java\ContagemJava.java
2026.09.14 11:23:45 INFO  no build target found for C:\Users\TUF-F16\OneDrive\Desktop\Faculdade\Entregavel1-JavaScript\Java\ContagemJava.java. Using fallback presentation compiler.
2026.09.14 11:23:49 INFO  no build target found for C:\Users\TUF-F16\OneDrive\Desktop\Faculdade\Entregavel1-JavaScript\Java\ContagemJava.java. Using fallback presentation compiler.
2026.09.14 11:24:01 INFO  no build target found for C:\Users\TUF-F16\OneDrive\Desktop\Faculdade\Entregavel1-JavaScript\Java\ContagemJava.java. Using fallback presentation compiler.
2026.09.14 11:24:02 INFO  no build target found for C:\Users\TUF-F16\OneDrive\Desktop\Faculdade\Entregavel1-JavaScript\Java\ContagemJava.java. Using fallback presentation compiler.
2026.09.14 11:24:03 INFO  no build target found for C:\Users\TUF-F16\OneDrive\Desktop\Faculdade\Entregavel1-JavaScript\Java\ContagemJava.java. Using fallback presentation compiler.
2026.09.14 11:24:03 INFO  no build target found for C:\Users\TUF-F16\OneDrive\Desktop\Faculdade\Entregavel1-JavaScript\Java\ContagemJava.java. Using fallback presentation compiler.
2026.09.14 11:24:04 INFO  no build target found for C:\Users\TUF-F16\OneDrive\Desktop\Faculdade\Entregavel1-JavaScript\Java\ContagemJava.java. Using fallback presentation compiler.
2026.09.14 11:25:35 INFO  no build target found for C:\Users\TUF-F16\OneDrive\Desktop\Faculdade\Entregavel1-JavaScript\Java\ContagemJava.java. Using fallback presentation compiler.
2026.09.14 11:25:35 INFO  no build target found for C:\Users\TUF-F16\OneDrive\Desktop\Faculdade\Entregavel1-JavaScript\Java\ContagemJava.java. Using fallback presentation compiler.
2026.09.14 11:25:35 INFO  no build target found for C:\Users\TUF-F16\OneDrive\Desktop\Faculdade\Entregavel1-JavaScript\Java\ContagemJava.java. Using fallback presentation compiler.
2026.09.14 11:25:35 INFO  no build target found for C:\Users\TUF-F16\OneDrive\Desktop\Faculdade\Entregavel1-JavaScript\Java\ContagemJava.java. Using fallback presentation compiler.
2026.09.14 11:25:35 INFO  no build target found for C:\Users\TUF-F16\OneDrive\Desktop\Faculdade\Entregavel1-JavaScript\Java\ContagemJava.java. Using fallback presentation compiler.
2026.09.14 11:25:36 INFO  no build target found for C:\Users\TUF-F16\OneDrive\Desktop\Faculdade\Entregavel1-JavaScript\Java\ContagemJava.java. Using fallback presentation compiler.
2026.09.14 11:25:36 INFO  no build target found for C:\Users\TUF-F16\OneDrive\Desktop\Faculdade\Entregavel1-JavaScript\Java\ContagemJava.java. Using fallback presentation compiler.
2026.09.14 11:25:36 INFO  no build target found for C:\Users\TUF-F16\OneDrive\Desktop\Faculdade\Entregavel1-JavaScript\Java\ContagemJava.java. Using fallback presentation compiler.
set. 14, 2026 11:25:37 AM org.eclipse.lsp4j.jsonrpc.RemoteEndpoint handleCancellation
WARNING: Unmatched cancel notification for request id 28
2026.09.14 11:25:48 INFO  no build target found for C:\Users\TUF-F16\OneDrive\Desktop\Faculdade\Entregavel1-JavaScript\Java\ContagemJava.java. Using fallback presentation compiler.
2026.09.14 11:25:48 WARN  no build target for: C:\Users\TUF-F16\OneDrive\Desktop\Faculdade\Entregavel1-JavaScript\Java\Fibonacci.java
2026.09.14 11:25:48 INFO  no build target found for C:\Users\TUF-F16\OneDrive\Desktop\Faculdade\Entregavel1-JavaScript\Java\Fibonacci.java. Using fallback presentation compiler.
2026.09.14 11:25:48 INFO  no build target found for C:\Users\TUF-F16\OneDrive\Desktop\Faculdade\Entregavel1-JavaScript\Java\Fibonacci.java. Using fallback presentation compiler.
2026.09.14 11:25:48 INFO  no build target found for C:\Users\TUF-F16\OneDrive\Desktop\Faculdade\Entregavel1-JavaScript\Java\Fibonacci.java. Using fallback presentation compiler.
2026.09.14 11:25:49 INFO  no build target found for C:\Users\TUF-F16\OneDrive\Desktop\Faculdade\Entregavel1-JavaScript\Java\Fibonacci.java. Using fallback presentation compiler.
2026.09.14 11:25:49 INFO  no build target found for C:\Users\TUF-F16\OneDrive\Desktop\Faculdade\Entregavel1-JavaScript\Java\Fibonacci.java. Using fallback presentation compiler.
2026.09.14 11:25:49 INFO  no build target found for C:\Users\TUF-F16\OneDrive\Desktop\Faculdade\Entregavel1-JavaScript\Java\Fibonacci.java. Using fallback presentation compiler.
2026.09.14 11:25:50 WARN  no build target for: C:\Users\TUF-F16\OneDrive\Desktop\Faculdade\Entregavel1-JavaScript\Java\Fibonacci.java
2026.09.14 11:25:50 INFO  no build target found for C:\Users\TUF-F16\OneDrive\Desktop\Faculdade\Entregavel1-JavaScript\Java\Fibonacci.java. Using fallback presentation compiler.
2026.09.14 11:25:50 INFO  no build target found for C:\Users\TUF-F16\OneDrive\Desktop\Faculdade\Entregavel1-JavaScript\Java\Fibonacci.java. Using fallback presentation compiler.
2026.09.14 11:25:52 INFO  no build target found for C:\Users\TUF-F16\OneDrive\Desktop\Faculdade\Entregavel1-JavaScript\Java\Fibonacci.java. Using fallback presentation compiler.
2026.09.14 11:25:52 INFO  no build target found for C:\Users\TUF-F16\OneDrive\Desktop\Faculdade\Entregavel1-JavaScript\Java\Fibonacci.java. Using fallback presentation compiler.
2026.09.14 11:25:53 INFO  no build target found for C:\Users\TUF-F16\OneDrive\Desktop\Faculdade\Entregavel1-JavaScript\Java\Fibonacci.java. Using fallback presentation compiler.
2026.09.14 11:25:53 INFO  no build target found for C:\Users\TUF-F16\OneDrive\Desktop\Faculdade\Entregavel1-JavaScript\Java\Fibonacci.java. Using fallback presentation compiler.
2026.09.14 11:25:54 INFO  no build target found for C:\Users\TUF-F16\OneDrive\Desktop\Faculdade\Entregavel1-JavaScript\Java\Fibonacci.java. Using fallback presentation compiler.
2026.09.14 11:25:54 INFO  no build target found for C:\Users\TUF-F16\OneDrive\Desktop\Faculdade\Entregavel1-JavaScript\Java\Fibonacci.java. Using fallback presentation compiler.
2026.09.14 11:26:00 WARN  no build target for: C:\Users\TUF-F16\OneDrive\Desktop\Faculdade\Entregavel1-JavaScript\Java\MaxDivCom.java
2026.09.14 11:26:00 INFO  no build target found for C:\Users\TUF-F16\OneDrive\Desktop\Faculdade\Entregavel1-JavaScript\Java\MaxDivCom.java. Using fallback presentation compiler.
2026.09.14 11:26:00 INFO  no build target found for C:\Users\TUF-F16\OneDrive\Desktop\Faculdade\Entregavel1-JavaScript\Java\MaxDivCom.java. Using fallback presentation compiler.
2026.09.14 11:26:00 INFO  no build target found for C:\Users\TUF-F16\OneDrive\Desktop\Faculdade\Entregavel1-JavaScript\Java\MaxDivCom.java. Using fallback presentation compiler.
2026.09.14 11:26:00 INFO  no build target found for C:\Users\TUF-F16\OneDrive\Desktop\Faculdade\Entregavel1-JavaScript\Java\MaxDivCom.java. Using fallback presentation compiler.
2026.09.14 11:26:00 INFO  no build target found for C:\Users\TUF-F16\OneDrive\Desktop\Faculdade\Entregavel1-JavaScript\Java\MaxDivCom.java. Using fallback presentation compiler.
2026.09.14 11:26:01 INFO  no build target found for C:\Users\TUF-F16\OneDrive\Desktop\Faculdade\Entregavel1-JavaScript\Java\MaxDivCom.java. Using fallback presentation compiler.
2026.09.14 11:26:01 INFO  no build target found for C:\Users\TUF-F16\OneDrive\Desktop\Faculdade\Entregavel1-JavaScript\Java\MaxDivCom.java. Using fallback presentation compiler.
2026.09.14 11:26:01 INFO  no build target found for C:\Users\TUF-F16\OneDrive\Desktop\Faculdade\Entregavel1-JavaScript\Java\MaxDivCom.java. Using fallback presentation compiler.
2026.09.14 11:26:01 INFO  no build target found for C:\Users\TUF-F16\OneDrive\Desktop\Faculdade\Entregavel1-JavaScript\Java\MaxDivCom.java. Using fallback presentation compiler.
2026.09.14 11:26:04 INFO  no build target found for C:\Users\TUF-F16\OneDrive\Desktop\Faculdade\Entregavel1-JavaScript\Java\MaxDivCom.java. Using fallback presentation compiler.
2026.09.14 11:26:04 INFO  no build target found for C:\Users\TUF-F16\OneDrive\Desktop\Faculdade\Entregavel1-JavaScript\Java\MaxDivCom.java. Using fallback presentation compiler.
2026.09.14 11:26:11 INFO  no build target found for C:\Users\TUF-F16\OneDrive\Desktop\Faculdade\Entregavel1-JavaScript\Java\Fibonacci.java. Using fallback presentation compiler.
2026.09.14 11:26:11 WARN  no build target for: C:\Users\TUF-F16\OneDrive\Desktop\Faculdade\Entregavel1-JavaScript\Java\Fibonacci.java
2026.09.14 11:26:11 INFO  no build target found for C:\Users\TUF-F16\OneDrive\Desktop\Faculdade\Entregavel1-JavaScript\Java\Fibonacci.java. Using fallback presentation compiler.
2026.09.14 11:26:11 INFO  no build target found for C:\Users\TUF-F16\OneDrive\Desktop\Faculdade\Entregavel1-JavaScript\Java\Fibonacci.java. Using fallback presentation compiler.
2026.09.14 11:26:11 INFO  no build target found for C:\Users\TUF-F16\OneDrive\Desktop\Faculdade\Entregavel1-JavaScript\Java\Fibonacci.java. Using fallback presentation compiler.
2026.09.14 11:26:13 INFO  no build target found for C:\Users\TUF-F16\OneDrive\Desktop\Faculdade\Entregavel1-JavaScript\Java\MaxDivCom.java. Using fallback presentation compiler.
2026.09.14 11:26:13 WARN  no build target for: C:\Users\TUF-F16\OneDrive\Desktop\Faculdade\Entregavel1-JavaScript\Java\MaxDivCom.java
2026.09.14 11:26:13 INFO  no build target found for C:\Users\TUF-F16\OneDrive\Desktop\Faculdade\Entregavel1-JavaScript\Java\MaxDivCom.java. Using fallback presentation compiler.
2026.09.14 11:26:13 INFO  no build target found for C:\Users\TUF-F16\OneDrive\Desktop\Faculdade\Entregavel1-JavaScript\Java\MaxDivCom.java. Using fallback presentation compiler.
2026.09.14 11:26:13 INFO  no build target found for C:\Users\TUF-F16\OneDrive\Desktop\Faculdade\Entregavel1-JavaScript\Java\MaxDivCom.java. Using fallback presentation compiler.
2026.09.14 11:26:13 INFO  no build target found for C:\Users\TUF-F16\OneDrive\Desktop\Faculdade\Entregavel1-JavaScript\Java\MaxDivCom.java. Using fallback presentation compiler.
2026.09.14 11:26:13 WARN  no build target for: C:\Users\TUF-F16\OneDrive\Desktop\Faculdade\Entregavel1-JavaScript\Java\PrimoJava.java
2026.09.14 11:26:13 INFO  no build target found for C:\Users\TUF-F16\OneDrive\Desktop\Faculdade\Entregavel1-JavaScript\Java\PrimoJava.java. Using fallback presentation compiler.
2026.09.14 11:26:13 INFO  no build target found for C:\Users\TUF-F16\OneDrive\Desktop\Faculdade\Entregavel1-JavaScript\Java\PrimoJava.java. Using fallback presentation compiler.
2026.09.14 11:26:13 INFO  no build target found for C:\Users\TUF-F16\OneDrive\Desktop\Faculdade\Entregavel1-JavaScript\Java\PrimoJava.java. Using fallback presentation compiler.
2026.09.14 11:26:14 INFO  no build target found for C:\Users\TUF-F16\OneDrive\Desktop\Faculdade\Entregavel1-JavaScript\Java\PrimoJava.java. Using fallback presentation compiler.
2026.09.14 11:26:15 INFO  no build target found for C:\Users\TUF-F16\OneDrive\Desktop\Faculdade\Entregavel1-JavaScript\Java\PrimoJava.java. Using fallback presentation compiler.
2026.09.14 11:26:15 INFO  no build target found for C:\Users\TUF-F16\OneDrive\Desktop\Faculdade\Entregavel1-JavaScript\Java\PrimoJava.java. Using fallback presentation compiler.
2026.09.14 11:26:15 INFO  Created report: Optional[file:///C:/Users/TUF-F16/OneDrive/Desktop/Faculdade/Entregavel1-JavaScript/Java/PrimoJava.java]
2026.09.14 11:26:15 INFO  empty definition using pc, found symbol in pc: java/lang/System#out. (full report at: "C:\Users\TUF-F16\OneDrive\Desktop\Faculdade\Entregavel1-JavaScript\.metals\.reports\metals-full\2026-09-14\r_empty-definition_11-26-15-209.md")
2026.09.14 11:26:15 INFO  no build target found for C:\Users\TUF-F16\OneDrive\Desktop\Faculdade\Entregavel1-JavaScript\Java\PrimoJava.java. Using fallback presentation compiler.
2026.09.14 11:26:15 INFO  no build target found for C:\Users\TUF-F16\OneDrive\Desktop\Faculdade\Entregavel1-JavaScript\Java\PrimoJava.java. Using fallback presentation compiler.
2026.09.14 11:26:16 INFO  no build target found for C:\Users\TUF-F16\OneDrive\Desktop\Faculdade\Entregavel1-JavaScript\Java\PrimoJava.java. Using fallback presentation compiler.
2026.09.14 11:26:16 INFO  empty definition using pc, found symbol in pc: java/lang/System#out. (full report at: "C:\Users\TUF-F16\OneDrive\Desktop\Faculdade\Entregavel1-JavaScript\.metals\.reports\metals-full\2026-09-14\r_empty-definition_11-26-15-209.md")
2026.09.14 11:26:17 INFO  no build target found for C:\Users\TUF-F16\OneDrive\Desktop\Faculdade\Entregavel1-JavaScript\Java\PrimoJava.java. Using fallback presentation compiler.
2026.09.14 11:26:17 INFO  no build target found for C:\Users\TUF-F16\OneDrive\Desktop\Faculdade\Entregavel1-JavaScript\Java\PrimoJava.java. Using fallback presentation compiler.
2026.09.14 11:26:17 INFO  no build target found for C:\Users\TUF-F16\OneDrive\Desktop\Faculdade\Entregavel1-JavaScript\Java\PrimoJava.java. Using fallback presentation compiler.
2026.09.14 11:26:25 INFO  no build target found for C:\Users\TUF-F16\OneDrive\Desktop\Faculdade\Entregavel1-JavaScript\Java\PrimoJava.java. Using fallback presentation compiler.
2026.09.14 11:26:25 WARN  no build target for: C:\Users\TUF-F16\OneDrive\Desktop\Faculdade\Entregavel1-JavaScript\Java\QuickSort.java
2026.09.14 11:26:25 INFO  no build target found for C:\Users\TUF-F16\OneDrive\Desktop\Faculdade\Entregavel1-JavaScript\Java\QuickSort.java. Using fallback presentation compiler.
2026.09.14 11:26:25 INFO  no build target found for C:\Users\TUF-F16\OneDrive\Desktop\Faculdade\Entregavel1-JavaScript\Java\QuickSort.java. Using fallback presentation compiler.
2026.09.14 11:26:25 INFO  no build target found for C:\Users\TUF-F16\OneDrive\Desktop\Faculdade\Entregavel1-JavaScript\Java\QuickSort.java. Using fallback presentation compiler.
2026.09.14 11:26:25 INFO  no build target found for C:\Users\TUF-F16\OneDrive\Desktop\Faculdade\Entregavel1-JavaScript\Java\QuickSort.java. Using fallback presentation compiler.
2026.09.14 11:26:25 INFO  no build target found for C:\Users\TUF-F16\OneDrive\Desktop\Faculdade\Entregavel1-JavaScript\Java\QuickSort.java. Using fallback presentation compiler.
2026.09.14 11:26:26 INFO  no build target found for C:\Users\TUF-F16\OneDrive\Desktop\Faculdade\Entregavel1-JavaScript\Java\QuickSort.java. Using fallback presentation compiler.
2026.09.14 11:26:26 INFO  no build target found for C:\Users\TUF-F16\OneDrive\Desktop\Faculdade\Entregavel1-JavaScript\Java\QuickSort.java. Using fallback presentation compiler.
2026.09.14 11:26:33 INFO  no build target found for C:\Users\TUF-F16\OneDrive\Desktop\Faculdade\Entregavel1-JavaScript\Java\QuickSort.java. Using fallback presentation compiler.
2026.09.14 11:26:33 WARN  no build target for: C:\Users\TUF-F16\OneDrive\Desktop\Faculdade\Entregavel1-JavaScript\Java\SomatorioJava.java
2026.09.14 11:26:33 INFO  no build target found for C:\Users\TUF-F16\OneDrive\Desktop\Faculdade\Entregavel1-JavaScript\Java\SomatorioJava.java. Using fallback presentation compiler.
2026.09.14 11:26:33 INFO  no build target found for C:\Users\TUF-F16\OneDrive\Desktop\Faculdade\Entregavel1-JavaScript\Java\SomatorioJava.java. Using fallback presentation compiler.
2026.09.14 11:26:33 INFO  no build target found for C:\Users\TUF-F16\OneDrive\Desktop\Faculdade\Entregavel1-JavaScript\Java\SomatorioJava.java. Using fallback presentation compiler.
2026.09.14 11:26:33 INFO  no build target found for C:\Users\TUF-F16\OneDrive\Desktop\Faculdade\Entregavel1-JavaScript\Java\SomatorioJava.java. Using fallback presentation compiler.
2026.09.14 11:26:33 INFO  no build target found for C:\Users\TUF-F16\OneDrive\Desktop\Faculdade\Entregavel1-JavaScript\Java\SomatorioJava.java. Using fallback presentation compiler.
2026.09.14 11:26:34 INFO  no build target found for C:\Users\TUF-F16\OneDrive\Desktop\Faculdade\Entregavel1-JavaScript\Java\SomatorioJava.java. Using fallback presentation compiler.
2026.09.14 11:26:39 INFO  no build target found for C:\Users\TUF-F16\OneDrive\Desktop\Faculdade\Entregavel1-JavaScript\Java\SomatorioJava.java. Using fallback presentation compiler.
2026.09.14 11:27:28 INFO  no build target found for C:\Users\TUF-F16\OneDrive\Desktop\Faculdade\Entregavel1-JavaScript\Java\SomatorioJava.java. Using fallback presentation compiler.
2026.09.14 11:31:04 INFO  no build target found for C:\Users\TUF-F16\OneDrive\Desktop\Faculdade\Entregavel1-JavaScript\Java\Fibonacci.java. Using fallback presentation compiler.
